// Jest Snapshot v1, https://goo.gl/fbAQLP

exports[`ResourcesFilterBy Component matches the snapshot 1`] = `
<DocumentFragment>
  <div
    class="makeStyles-filterContainer-36"
  >
    <button
      aria-controls="filter-menu"
      aria-haspopup="true"
      class="MuiButtonBase-root MuiButton-root MuiButton-text makeStyles-filterButton-37"
      tabindex="0"
      type="button"
    >
      <span
        class="MuiButton-label"
      >
        <svg
          aria-hidden="true"
          class="MuiSvgIcon-root MuiSvgIcon-fontSizeMedium css-i4bv87-MuiSvgIcon-root"
          data-testid="FilterAltIcon"
          focusable="false"
          viewBox="0 0 24 24"
        >
          <path
            d="M4.25 5.61C6.27 8.2 10 13 10 13v6c0 .55.45 1 1 1h2c.55 0 1-.45 1-1v-6s3.72-4.8 5.74-7.39c.51-.66.04-1.61-.79-1.61H5.04c-.83 0-1.3.95-.79 1.61"
          />
        </svg>
        <p
          class="MuiTypography-root makeStyles-filterLabel-38 MuiTypography-body1"
        >
          Filter by
        </p>
        <svg
          aria-hidden="true"
          class="MuiSvgIcon-root"
          focusable="false"
          viewBox="0 0 24 24"
        >
          <path
            d="M7 10l5 5 5-5z"
          />
        </svg>
      </span>
      <span
        class="MuiTouchRipple-root"
      />
    </button>
  </div>
</DocumentFragment>
`;
